// Jest Snapshot v1, https://goo.gl/fbAQLP

exports[`<Heading /> should match h1 snapshot 1`] = `
<div>
  <h1
    class="e-heading e-heading--h1"
  >
    Headline 1
  </h1>
</div>
`;

exports[`<Heading /> should match h2 snapshot 1`] = `
<div>
  <h2
    class="e-heading e-heading--h2"
  >
    Headline 2
  </h2>
</div>
`;

exports[`<Heading /> should match h3 snapshot 1`] = `
<div>
  <h3
    class="e-heading e-heading--h3"
  >
    Headline 3
  </h3>
</div>
`;

exports[`<Heading /> should match h4 snapshot 1`] = `
<div>
  <h4
    class="e-heading e-heading--h4"
  >
    Headline 4
  </h4>
</div>
`;

exports[`<Heading /> should match h5 snapshot 1`] = `
<div>
  <h5
    class="e-heading e-heading--h5"
  >
    Headline 5
  </h5>
</div>
`;

exports[`<Heading /> should match h6 snapshot 1`] = `
<div>
  <h6
    class="e-heading e-heading--h6"
  >
    Headline 6
  </h6>
</div>
`;
