// Jest Snapshot v1, https://goo.gl/fbAQLP

exports[`<Image /> should match snapshot 1`] = `
<div>
  <img
    alt="A placeholder image"
    class="c-img"
    src="https://via.placeholder.com/400x300"
  />
</div>
`;
